// Jest Snapshot v1, https://goo.gl/fbAQLP

exports[`Home page matches snapshot 1`] = `
<DocumentFragment>
  <div
    class="container"
  >
    <main>
      <h1
        class="chakra-heading css-ifczwz"
      >
        Conway's Game of Life
      </h1>
    </main>
  </div>
</DocumentFragment>
`;
